orangeという文字列
appleまたはbananaという文字列
appleまたはbananaという文字列
?ATまたは*dayという文字列
?ATまたは*dayという文字列
任意の1文字の後にATが続く文字列
末尾がdayで終わる文字列
先頭がアルファベットの大文字で始まる文字列
先頭が数字以外で始まる文字列
other
