s1 does not equal to s2
i1 equals to i2
i1 does not equals to i3
