The file test/remove_comments.input starts with 5
吾輩は猫である。名前はまだ無い。
どこで生れたかとんと見当がつかぬ
